T  hyperframes preview
[?25l|
o  Studio running
[?25h
  Project   kinetic-title-card
  Studio    http://localhost:3017

  Edit with your AI agent — it has HyperFrames skills installed.
  Changes reload automatically in the studio.

  Press Ctrl+C to stop

[INFO] [Compiler] Fetched 55 font face(s) for "Montserrat" from Google Fonts (cached to C:\Users\tong'tong\.cache\hyperframes\fonts\montserrat)
[INFO] [Compiler] Fetched 55 font face(s) for "Montserrat" from Google Fonts (cached to C:\Users\tong'tong\.cache\hyperframes\fonts\montserrat)
[INFO] [Compiler] Fetched 55 font face(s) for "Montserrat" from Google Fonts (cached to C:\Users\tong'tong\.cache\hyperframes\fonts\montserrat)
[INFO] [Compiler] Fetched 77 font face(s) for "Inter" from Google Fonts (cached to C:\Users\tong'tong\.cache\hyperframes\fonts\inter)
[INFO] [Compiler] Injected deterministic @font-face rules for 2 requested font families
[INFO] [Compiler] Fetched 77 font face(s) for "Inter" from Google Fonts (cached to C:\Users\tong'tong\.cache\hyperframes\fonts\inter)
[INFO] [Compiler] Injected deterministic @font-face rules for 2 requested font families
[INFO] [Compiler] Fetched 77 font face(s) for "Inter" from Google Fonts (cached to C:\Users\tong'tong\.cache\hyperframes\fonts\inter)
[INFO] [Compiler] Injected deterministic @font-face rules for 2 requested font families
[INFO] [Compiler] Fetched 55 font face(s) for "Montserrat" from Google Fonts (cached to C:\Users\tong'tong\.cache\hyperframes\fonts\montserrat)
[INFO] [Compiler] Fetched 55 font face(s) for "Montserrat" from Google Fonts (cached to C:\Users\tong'tong\.cache\hyperframes\fonts\montserrat)
[INFO] [Compiler] Fetched 77 font face(s) for "Inter" from Google Fonts (cached to C:\Users\tong'tong\.cache\hyperframes\fonts\inter)
[INFO] [Compiler] Injected deterministic @font-face rules for 2 requested font families
[INFO] [Compiler] Fetched 77 font face(s) for "Inter" from Google Fonts (cached to C:\Users\tong'tong\.cache\hyperframes\fonts\inter)
[INFO] [Compiler] Injected deterministic @font-face rules for 2 requested font families
[INFO] [Compiler] Fetched 55 font face(s) for "Montserrat" from Google Fonts (cached to C:\Users\tong'tong\.cache\hyperframes\fonts\montserrat)
[INFO] [Compiler] Fetched 55 font face(s) for "Montserrat" from Google Fonts (cached to C:\Users\tong'tong\.cache\hyperframes\fonts\montserrat)
[INFO] [Compiler] Fetched 77 font face(s) for "Inter" from Google Fonts (cached to C:\Users\tong'tong\.cache\hyperframes\fonts\inter)
[INFO] [Compiler] Injected deterministic @font-face rules for 2 requested font families
[INFO] [Compiler] Fetched 77 font face(s) for "Inter" from Google Fonts (cached to C:\Users\tong'tong\.cache\hyperframes\fonts\inter)
[INFO] [Compiler] Injected deterministic @font-face rules for 2 requested font families
[INFO] [Compiler] Fetched 55 font face(s) for "Montserrat" from Google Fonts (cached to C:\Users\tong'tong\.cache\hyperframes\fonts\montserrat)
[INFO] [Compiler] Fetched 55 font face(s) for "Montserrat" from Google Fonts (cached to C:\Users\tong'tong\.cache\hyperframes\fonts\montserrat)
[INFO] [Compiler] Fetched 77 font face(s) for "Inter" from Google Fonts (cached to C:\Users\tong'tong\.cache\hyperframes\fonts\inter)
[INFO] [Compiler] Injected deterministic @font-face rules for 2 requested font families
[INFO] [Compiler] Fetched 77 font face(s) for "Inter" from Google Fonts (cached to C:\Users\tong'tong\.cache\hyperframes\fonts\inter)
[INFO] [Compiler] Injected deterministic @font-face rules for 2 requested font families
[INFO] [Compiler] Fetched 55 font face(s) for "Montserrat" from Google Fonts (cached to C:\Users\tong'tong\.cache\hyperframes\fonts\montserrat)
[INFO] [Compiler] Fetched 55 font face(s) for "Montserrat" from Google Fonts (cached to C:\Users\tong'tong\.cache\hyperframes\fonts\montserrat)
[INFO] [Compiler] Fetched 77 font face(s) for "Inter" from Google Fonts (cached to C:\Users\tong'tong\.cache\hyperframes\fonts\inter)
[INFO] [Compiler] Injected deterministic @font-face rules for 2 requested font families
[INFO] [Compiler] Fetched 77 font face(s) for "Inter" from Google Fonts (cached to C:\Users\tong'tong\.cache\hyperframes\fonts\inter)
[INFO] [Compiler] Injected deterministic @font-face rules for 2 requested font families
[INFO] [Compiler] Fetched 55 font face(s) for "Montserrat" from Google Fonts (cached to C:\Users\tong'tong\.cache\hyperframes\fonts\montserrat)
[INFO] [Compiler] Fetched 55 font face(s) for "Montserrat" from Google Fonts (cached to C:\Users\tong'tong\.cache\hyperframes\fonts\montserrat)
[INFO] [Compiler] Fetched 55 font face(s) for "Montserrat" from Google Fonts (cached to C:\Users\tong'tong\.cache\hyperframes\fonts\montserrat)
[INFO] [Compiler] Fetched 55 font face(s) for "Montserrat" from Google Fonts (cached to C:\Users\tong'tong\.cache\hyperframes\fonts\montserrat)
[INFO] [Compiler] Fetched 55 font face(s) for "Montserrat" from Google Fonts (cached to C:\Users\tong'tong\.cache\hyperframes\fonts\montserrat)
[INFO] [Compiler] Fetched 55 font face(s) for "Montserrat" from Google Fonts (cached to C:\Users\tong'tong\.cache\hyperframes\fonts\montserrat)
[INFO] [Compiler] Fetched 55 font face(s) for "Montserrat" from Google Fonts (cached to C:\Users\tong'tong\.cache\hyperframes\fonts\montserrat)
[INFO] [Compiler] Fetched 55 font face(s) for "Montserrat" from Google Fonts (cached to C:\Users\tong'tong\.cache\hyperframes\fonts\montserrat)
[INFO] [Compiler] Fetched 55 font face(s) for "Montserrat" from Google Fonts (cached to C:\Users\tong'tong\.cache\hyperframes\fonts\montserrat)
[INFO] [Compiler] Fetched 55 font face(s) for "Montserrat" from Google Fonts (cached to C:\Users\tong'tong\.cache\hyperframes\fonts\montserrat)
[INFO] [Compiler] Fetched 55 font face(s) for "Montserrat" from Google Fonts (cached to C:\Users\tong'tong\.cache\hyperframes\fonts\montserrat)
[INFO] [Compiler] Fetched 77 font face(s) for "Inter" from Google Fonts (cached to C:\Users\tong'tong\.cache\hyperframes\fonts\inter)
[INFO] [Compiler] Injected deterministic @font-face rules for 2 requested font families
[INFO] [Compiler] Fetched 55 font face(s) for "Montserrat" from Google Fonts (cached to C:\Users\tong'tong\.cache\hyperframes\fonts\montserrat)
[INFO] [Compiler] Fetched 77 font face(s) for "Inter" from Google Fonts (cached to C:\Users\tong'tong\.cache\hyperframes\fonts\inter)
[INFO] [Compiler] Injected deterministic @font-face rules for 2 requested font families
[INFO] [Compiler] Fetched 77 font face(s) for "Inter" from Google Fonts (cached to C:\Users\tong'tong\.cache\hyperframes\fonts\inter)
[INFO] [Compiler] Injected deterministic @font-face rules for 2 requested font families
[INFO] [Compiler] Fetched 77 font face(s) for "Inter" from Google Fonts (cached to C:\Users\tong'tong\.cache\hyperframes\fonts\inter)
[INFO] [Compiler] Injected deterministic @font-face rules for 2 requested font families
[INFO] [Compiler] Fetched 77 font face(s) for "Inter" from Google Fonts (cached to C:\Users\tong'tong\.cache\hyperframes\fonts\inter)
[INFO] [Compiler] Injected deterministic @font-face rules for 2 requested font families
[INFO] [Compiler] Fetched 77 font face(s) for "Inter" from Google Fonts (cached to C:\Users\tong'tong\.cache\hyperframes\fonts\inter)
[INFO] [Compiler] Injected deterministic @font-face rules for 2 requested font families
[INFO] [Compiler] Fetched 77 font face(s) for "Inter" from Google Fonts (cached to C:\Users\tong'tong\.cache\hyperframes\fonts\inter)
[INFO] [Compiler] Injected deterministic @font-face rules for 2 requested font families
[INFO] [Compiler] Fetched 77 font face(s) for "Inter" from Google Fonts (cached to C:\Users\tong'tong\.cache\hyperframes\fonts\inter)
[INFO] [Compiler] Injected deterministic @font-face rules for 2 requested font families
[INFO] [Compiler] Fetched 77 font face(s) for "Inter" from Google Fonts (cached to C:\Users\tong'tong\.cache\hyperframes\fonts\inter)
[INFO] [Compiler] Injected deterministic @font-face rules for 2 requested font families
[INFO] [Compiler] Fetched 77 font face(s) for "Inter" from Google Fonts (cached to C:\Users\tong'tong\.cache\hyperframes\fonts\inter)
[INFO] [Compiler] Injected deterministic @font-face rules for 2 requested font families
[INFO] [Compiler] Fetched 77 font face(s) for "Inter" from Google Fonts (cached to C:\Users\tong'tong\.cache\hyperframes\fonts\inter)
[INFO] [Compiler] Injected deterministic @font-face rules for 2 requested font families
[INFO] [Compiler] Fetched 77 font face(s) for "Inter" from Google Fonts (cached to C:\Users\tong'tong\.cache\hyperframes\fonts\inter)
[INFO] [Compiler] Injected deterministic @font-face rules for 2 requested font families
[INFO] [Compiler] Fetched 55 font face(s) for "Montserrat" from Google Fonts (cached to C:\Users\tong'tong\.cache\hyperframes\fonts\montserrat)
[INFO] [Compiler] Fetched 55 font face(s) for "Montserrat" from Google Fonts (cached to C:\Users\tong'tong\.cache\hyperframes\fonts\montserrat)
[INFO] [Compiler] Fetched 55 font face(s) for "Montserrat" from Google Fonts (cached to C:\Users\tong'tong\.cache\hyperframes\fonts\montserrat)
[INFO] [Compiler] Fetched 55 font face(s) for "Montserrat" from Google Fonts (cached to C:\Users\tong'tong\.cache\hyperframes\fonts\montserrat)
[INFO] [Compiler] Fetched 77 font face(s) for "Inter" from Google Fonts (cached to C:\Users\tong'tong\.cache\hyperframes\fonts\inter)
[INFO] [Compiler] Injected deterministic @font-face rules for 2 requested font families
[INFO] [Compiler] Fetched 77 font face(s) for "Inter" from Google Fonts (cached to C:\Users\tong'tong\.cache\hyperframes\fonts\inter)
[INFO] [Compiler] Injected deterministic @font-face rules for 2 requested font families
[INFO] [Compiler] Fetched 55 font face(s) for "Montserrat" from Google Fonts (cached to C:\Users\tong'tong\.cache\hyperframes\fonts\montserrat)
[INFO] [Compiler] Fetched 55 font face(s) for "Montserrat" from Google Fonts (cached to C:\Users\tong'tong\.cache\hyperframes\fonts\montserrat)
[INFO] [Compiler] Fetched 77 font face(s) for "Inter" from Google Fonts (cached to C:\Users\tong'tong\.cache\hyperframes\fonts\inter)
[INFO] [Compiler] Injected deterministic @font-face rules for 2 requested font families
[INFO] [Compiler] Fetched 77 font face(s) for "Inter" from Google Fonts (cached to C:\Users\tong'tong\.cache\hyperframes\fonts\inter)
[INFO] [Compiler] Injected deterministic @font-face rules for 2 requested font families
[INFO] [Compiler] Fetched 77 font face(s) for "Inter" from Google Fonts (cached to C:\Users\tong'tong\.cache\hyperframes\fonts\inter)
[INFO] [Compiler] Injected deterministic @font-face rules for 2 requested font families
[INFO] [Compiler] Fetched 77 font face(s) for "Inter" from Google Fonts (cached to C:\Users\tong'tong\.cache\hyperframes\fonts\inter)
[INFO] [Compiler] Injected deterministic @font-face rules for 2 requested font families
[INFO] [Compiler] Fetched 55 font face(s) for "Montserrat" from Google Fonts (cached to C:\Users\tong'tong\.cache\hyperframes\fonts\montserrat)
[INFO] [Compiler] Fetched 55 font face(s) for "Montserrat" from Google Fonts (cached to C:\Users\tong'tong\.cache\hyperframes\fonts\montserrat)
[INFO] [Compiler] Fetched 77 font face(s) for "Inter" from Google Fonts (cached to C:\Users\tong'tong\.cache\hyperframes\fonts\inter)
[INFO] [Compiler] Injected deterministic @font-face rules for 2 requested font families
[INFO] [Compiler] Fetched 77 font face(s) for "Inter" from Google Fonts (cached to C:\Users\tong'tong\.cache\hyperframes\fonts\inter)
[INFO] [Compiler] Injected deterministic @font-face rules for 2 requested font families
[INFO] [Compiler] Fetched 55 font face(s) for "Montserrat" from Google Fonts (cached to C:\Users\tong'tong\.cache\hyperframes\fonts\montserrat)
[INFO] [Compiler] Fetched 55 font face(s) for "Montserrat" from Google Fonts (cached to C:\Users\tong'tong\.cache\hyperframes\fonts\montserrat)
[INFO] [Compiler] Fetched 77 font face(s) for "Inter" from Google Fonts (cached to C:\Users\tong'tong\.cache\hyperframes\fonts\inter)
[INFO] [Compiler] Injected deterministic @font-face rules for 2 requested font families
[INFO] [Compiler] Fetched 77 font face(s) for "Inter" from Google Fonts (cached to C:\Users\tong'tong\.cache\hyperframes\fonts\inter)
[INFO] [Compiler] Injected deterministic @font-face rules for 2 requested font families
[INFO] [Compiler] Fetched 55 font face(s) for "Montserrat" from Google Fonts (cached to C:\Users\tong'tong\.cache\hyperframes\fonts\montserrat)
[INFO] [Compiler] Fetched 77 font face(s) for "Inter" from Google Fonts (cached to C:\Users\tong'tong\.cache\hyperframes\fonts\inter)
[INFO] [Compiler] Injected deterministic @font-face rules for 2 requested font families
[INFO] [Compiler] Fetched 55 font face(s) for "Montserrat" from Google Fonts (cached to C:\Users\tong'tong\.cache\hyperframes\fonts\montserrat)
[INFO] [Compiler] Fetched 77 font face(s) for "Inter" from Google Fonts (cached to C:\Users\tong'tong\.cache\hyperframes\fonts\inter)
[INFO] [Compiler] Injected deterministic @font-face rules for 2 requested font families
[INFO] [Compiler] Fetched 55 font face(s) for "Montserrat" from Google Fonts (cached to C:\Users\tong'tong\.cache\hyperframes\fonts\montserrat)
[INFO] [Compiler] Fetched 77 font face(s) for "Inter" from Google Fonts (cached to C:\Users\tong'tong\.cache\hyperframes\fonts\inter)
[INFO] [Compiler] Injected deterministic @font-face rules for 2 requested font families
[INFO] [Compiler] Fetched 55 font face(s) for "Montserrat" from Google Fonts (cached to C:\Users\tong'tong\.cache\hyperframes\fonts\montserrat)
[INFO] [Compiler] Fetched 77 font face(s) for "Inter" from Google Fonts (cached to C:\Users\tong'tong\.cache\hyperframes\fonts\inter)
[INFO] [Compiler] Injected deterministic @font-face rules for 2 requested font families
[INFO] [Compiler] Fetched 55 font face(s) for "Montserrat" from Google Fonts (cached to C:\Users\tong'tong\.cache\hyperframes\fonts\montserrat)
[INFO] [Compiler] Fetched 77 font face(s) for "Inter" from Google Fonts (cached to C:\Users\tong'tong\.cache\hyperframes\fonts\inter)
[INFO] [Compiler] Injected deterministic @font-face rules for 2 requested font families
[INFO] [Compiler] Fetched 55 font face(s) for "Montserrat" from Google Fonts (cached to C:\Users\tong'tong\.cache\hyperframes\fonts\montserrat)
[INFO] [Compiler] Fetched 77 font face(s) for "Inter" from Google Fonts (cached to C:\Users\tong'tong\.cache\hyperframes\fonts\inter)
[INFO] [Compiler] Injected deterministic @font-face rules for 2 requested font families
[INFO] [Compiler] Fetched 55 font face(s) for "Montserrat" from Google Fonts (cached to C:\Users\tong'tong\.cache\hyperframes\fonts\montserrat)
[INFO] [Compiler] Fetched 55 font face(s) for "Montserrat" from Google Fonts (cached to C:\Users\tong'tong\.cache\hyperframes\fonts\montserrat)
[INFO] [Compiler] Fetched 77 font face(s) for "Inter" from Google Fonts (cached to C:\Users\tong'tong\.cache\hyperframes\fonts\inter)
[INFO] [Compiler] Injected deterministic @font-face rules for 2 requested font families
[INFO] [Compiler] Fetched 77 font face(s) for "Inter" from Google Fonts (cached to C:\Users\tong'tong\.cache\hyperframes\fonts\inter)
[INFO] [Compiler] Injected deterministic @font-face rules for 2 requested font families
[INFO] [Compiler] Fetched 55 font face(s) for "Montserrat" from Google Fonts (cached to C:\Users\tong'tong\.cache\hyperframes\fonts\montserrat)
[INFO] [Compiler] Fetched 77 font face(s) for "Inter" from Google Fonts (cached to C:\Users\tong'tong\.cache\hyperframes\fonts\inter)
[INFO] [Compiler] Injected deterministic @font-face rules for 2 requested font families
[INFO] [Compiler] Fetched 55 font face(s) for "Montserrat" from Google Fonts (cached to C:\Users\tong'tong\.cache\hyperframes\fonts\montserrat)
[INFO] [Compiler] Fetched 77 font face(s) for "Inter" from Google Fonts (cached to C:\Users\tong'tong\.cache\hyperframes\fonts\inter)
[INFO] [Compiler] Injected deterministic @font-face rules for 2 requested font families
[INFO] [Compiler] Fetched 55 font face(s) for "Montserrat" from Google Fonts (cached to C:\Users\tong'tong\.cache\hyperframes\fonts\montserrat)
[INFO] [Compiler] Fetched 77 font face(s) for "Inter" from Google Fonts (cached to C:\Users\tong'tong\.cache\hyperframes\fonts\inter)
[INFO] [Compiler] Injected deterministic @font-face rules for 2 requested font families
[INFO] [Compiler] Fetched 55 font face(s) for "Montserrat" from Google Fonts (cached to C:\Users\tong'tong\.cache\hyperframes\fonts\montserrat)
[INFO] [Compiler] Fetched 77 font face(s) for "Inter" from Google Fonts (cached to C:\Users\tong'tong\.cache\hyperframes\fonts\inter)
[INFO] [Compiler] Injected deterministic @font-face rules for 2 requested font families
[INFO] [Compiler] Fetched 55 font face(s) for "Montserrat" from Google Fonts (cached to C:\Users\tong'tong\.cache\hyperframes\fonts\montserrat)
[INFO] [Compiler] Fetched 77 font face(s) for "Inter" from Google Fonts (cached to C:\Users\tong'tong\.cache\hyperframes\fonts\inter)
[INFO] [Compiler] Injected deterministic @font-face rules for 2 requested font families
[INFO] [Compiler] Fetched 55 font face(s) for "Montserrat" from Google Fonts (cached to C:\Users\tong'tong\.cache\hyperframes\fonts\montserrat)
[INFO] [Compiler] Fetched 77 font face(s) for "Inter" from Google Fonts (cached to C:\Users\tong'tong\.cache\hyperframes\fonts\inter)
[INFO] [Compiler] Injected deterministic @font-face rules for 2 requested font families
[INFO] [Compiler] Fetched 55 font face(s) for "Montserrat" from Google Fonts (cached to C:\Users\tong'tong\.cache\hyperframes\fonts\montserrat)
[INFO] [Compiler] Fetched 77 font face(s) for "Inter" from Google Fonts (cached to C:\Users\tong'tong\.cache\hyperframes\fonts\inter)
[INFO] [Compiler] Injected deterministic @font-face rules for 2 requested font families
[INFO] [Compiler] Fetched 55 font face(s) for "Montserrat" from Google Fonts (cached to C:\Users\tong'tong\.cache\hyperframes\fonts\montserrat)
[INFO] [Compiler] Fetched 77 font face(s) for "Inter" from Google Fonts (cached to C:\Users\tong'tong\.cache\hyperframes\fonts\inter)
[INFO] [Compiler] Injected deterministic @font-face rules for 2 requested font families
[INFO] [Compiler] Fetched 55 font face(s) for "Montserrat" from Google Fonts (cached to C:\Users\tong'tong\.cache\hyperframes\fonts\montserrat)
[INFO] [Compiler] Fetched 77 font face(s) for "Inter" from Google Fonts (cached to C:\Users\tong'tong\.cache\hyperframes\fonts\inter)
[INFO] [Compiler] Injected deterministic @font-face rules for 2 requested font families
[INFO] [Compiler] Fetched 55 font face(s) for "Montserrat" from Google Fonts (cached to C:\Users\tong'tong\.cache\hyperframes\fonts\montserrat)
[INFO] [Compiler] Fetched 77 font face(s) for "Inter" from Google Fonts (cached to C:\Users\tong'tong\.cache\hyperframes\fonts\inter)
[INFO] [Compiler] Injected deterministic @font-face rules for 2 requested font families
[INFO] [Compiler] Fetched 55 font face(s) for "Montserrat" from Google Fonts (cached to C:\Users\tong'tong\.cache\hyperframes\fonts\montserrat)
[INFO] [Compiler] Fetched 77 font face(s) for "Inter" from Google Fonts (cached to C:\Users\tong'tong\.cache\hyperframes\fonts\inter)
[INFO] [Compiler] Injected deterministic @font-face rules for 2 requested font families
[INFO] [Compiler] Fetched 55 font face(s) for "Montserrat" from Google Fonts (cached to C:\Users\tong'tong\.cache\hyperframes\fonts\montserrat)
[INFO] [Compiler] Fetched 77 font face(s) for "Inter" from Google Fonts (cached to C:\Users\tong'tong\.cache\hyperframes\fonts\inter)
[INFO] [Compiler] Injected deterministic @font-face rules for 2 requested font families
[INFO] [Compiler] Fetched 55 font face(s) for "Montserrat" from Google Fonts (cached to C:\Users\tong'tong\.cache\hyperframes\fonts\montserrat)
[INFO] [Compiler] Fetched 77 font face(s) for "Inter" from Google Fonts (cached to C:\Users\tong'tong\.cache\hyperframes\fonts\inter)
[INFO] [Compiler] Injected deterministic @font-face rules for 2 requested font families
[INFO] [Compiler] Fetched 55 font face(s) for "Montserrat" from Google Fonts (cached to C:\Users\tong'tong\.cache\hyperframes\fonts\montserrat)
[INFO] [Compiler] Fetched 77 font face(s) for "Inter" from Google Fonts (cached to C:\Users\tong'tong\.cache\hyperframes\fonts\inter)
[INFO] [Compiler] Injected deterministic @font-face rules for 2 requested font families
[INFO] [Compiler] Fetched 55 font face(s) for "Montserrat" from Google Fonts (cached to C:\Users\tong'tong\.cache\hyperframes\fonts\montserrat)
[INFO] [Compiler] Fetched 55 font face(s) for "Montserrat" from Google Fonts (cached to C:\Users\tong'tong\.cache\hyperframes\fonts\montserrat)
[INFO] [Compiler] Fetched 55 font face(s) for "Montserrat" from Google Fonts (cached to C:\Users\tong'tong\.cache\hyperframes\fonts\montserrat)
[INFO] [Compiler] Fetched 77 font face(s) for "Inter" from Google Fonts (cached to C:\Users\tong'tong\.cache\hyperframes\fonts\inter)
[INFO] [Compiler] Injected deterministic @font-face rules for 2 requested font families
[INFO] [Compiler] Fetched 55 font face(s) for "Montserrat" from Google Fonts (cached to C:\Users\tong'tong\.cache\hyperframes\fonts\montserrat)
[INFO] [Compiler] Fetched 77 font face(s) for "Inter" from Google Fonts (cached to C:\Users\tong'tong\.cache\hyperframes\fonts\inter)
[INFO] [Compiler] Injected deterministic @font-face rules for 2 requested font families
[INFO] [Compiler] Fetched 77 font face(s) for "Inter" from Google Fonts (cached to C:\Users\tong'tong\.cache\hyperframes\fonts\inter)
[INFO] [Compiler] Injected deterministic @font-face rules for 2 requested font families
[INFO] [Compiler] Fetched 77 font face(s) for "Inter" from Google Fonts (cached to C:\Users\tong'tong\.cache\hyperframes\fonts\inter)
[INFO] [Compiler] Injected deterministic @font-face rules for 2 requested font families
[INFO] [Compiler] Fetched 55 font face(s) for "Montserrat" from Google Fonts (cached to C:\Users\tong'tong\.cache\hyperframes\fonts\montserrat)
[INFO] [Compiler] Fetched 77 font face(s) for "Inter" from Google Fonts (cached to C:\Users\tong'tong\.cache\hyperframes\fonts\inter)
[INFO] [Compiler] Injected deterministic @font-face rules for 2 requested font families
[INFO] [Compiler] Fetched 55 font face(s) for "Montserrat" from Google Fonts (cached to C:\Users\tong'tong\.cache\hyperframes\fonts\montserrat)
[INFO] [Compiler] Fetched 77 font face(s) for "Inter" from Google Fonts (cached to C:\Users\tong'tong\.cache\hyperframes\fonts\inter)
[INFO] [Compiler] Injected deterministic @font-face rules for 2 requested font families
[INFO] [Compiler] Fetched 55 font face(s) for "Montserrat" from Google Fonts (cached to C:\Users\tong'tong\.cache\hyperframes\fonts\montserrat)
[INFO] [Compiler] Fetched 77 font face(s) for "Inter" from Google Fonts (cached to C:\Users\tong'tong\.cache\hyperframes\fonts\inter)
[INFO] [Compiler] Injected deterministic @font-face rules for 2 requested font families
[INFO] [Compiler] Fetched 55 font face(s) for "Montserrat" from Google Fonts (cached to C:\Users\tong'tong\.cache\hyperframes\fonts\montserrat)
[INFO] [Compiler] Fetched 77 font face(s) for "Inter" from Google Fonts (cached to C:\Users\tong'tong\.cache\hyperframes\fonts\inter)
[INFO] [Compiler] Injected deterministic @font-face rules for 2 requested font families
[INFO] [Compiler] Fetched 55 font face(s) for "Montserrat" from Google Fonts (cached to C:\Users\tong'tong\.cache\hyperframes\fonts\montserrat)
[INFO] [Compiler] Fetched 77 font face(s) for "Inter" from Google Fonts (cached to C:\Users\tong'tong\.cache\hyperframes\fonts\inter)
[INFO] [Compiler] Injected deterministic @font-face rules for 2 requested font families
[INFO] [Compiler] Fetched 55 font face(s) for "Montserrat" from Google Fonts (cached to C:\Users\tong'tong\.cache\hyperframes\fonts\montserrat)
[INFO] [Compiler] Fetched 77 font face(s) for "Inter" from Google Fonts (cached to C:\Users\tong'tong\.cache\hyperframes\fonts\inter)
[INFO] [Compiler] Injected deterministic @font-face rules for 2 requested font families
[INFO] [Compiler] Fetched 55 font face(s) for "Montserrat" from Google Fonts (cached to C:\Users\tong'tong\.cache\hyperframes\fonts\montserrat)
[INFO] [Compiler] Fetched 77 font face(s) for "Inter" from Google Fonts (cached to C:\Users\tong'tong\.cache\hyperframes\fonts\inter)
[INFO] [Compiler] Injected deterministic @font-face rules for 2 requested font families
[INFO] [Compiler] Fetched 55 font face(s) for "Montserrat" from Google Fonts (cached to C:\Users\tong'tong\.cache\hyperframes\fonts\montserrat)
[INFO] [Compiler] Fetched 77 font face(s) for "Inter" from Google Fonts (cached to C:\Users\tong'tong\.cache\hyperframes\fonts\inter)
[INFO] [Compiler] Injected deterministic @font-face rules for 2 requested font families
[INFO] [Compiler] Fetched 55 font face(s) for "Montserrat" from Google Fonts (cached to C:\Users\tong'tong\.cache\hyperframes\fonts\montserrat)
[INFO] [Compiler] Fetched 77 font face(s) for "Inter" from Google Fonts (cached to C:\Users\tong'tong\.cache\hyperframes\fonts\inter)
[INFO] [Compiler] Injected deterministic @font-face rules for 2 requested font families
[INFO] [Compiler] Fetched 55 font face(s) for "Montserrat" from Google Fonts (cached to C:\Users\tong'tong\.cache\hyperframes\fonts\montserrat)
[INFO] [Compiler] Fetched 77 font face(s) for "Inter" from Google Fonts (cached to C:\Users\tong'tong\.cache\hyperframes\fonts\inter)
[INFO] [Compiler] Injected deterministic @font-face rules for 2 requested font families
[INFO] [Compiler] Fetched 55 font face(s) for "Montserrat" from Google Fonts (cached to C:\Users\tong'tong\.cache\hyperframes\fonts\montserrat)
[INFO] [Compiler] Fetched 77 font face(s) for "Inter" from Google Fonts (cached to C:\Users\tong'tong\.cache\hyperframes\fonts\inter)
[INFO] [Compiler] Injected deterministic @font-face rules for 2 requested font families
[INFO] [Compiler] Fetched 55 font face(s) for "Montserrat" from Google Fonts (cached to C:\Users\tong'tong\.cache\hyperframes\fonts\montserrat)
[INFO] [Compiler] Fetched 77 font face(s) for "Inter" from Google Fonts (cached to C:\Users\tong'tong\.cache\hyperframes\fonts\inter)
[INFO] [Compiler] Injected deterministic @font-face rules for 2 requested font families
[INFO] [Compiler] Fetched 55 font face(s) for "Montserrat" from Google Fonts (cached to C:\Users\tong'tong\.cache\hyperframes\fonts\montserrat)
[INFO] [Compiler] Fetched 77 font face(s) for "Inter" from Google Fonts (cached to C:\Users\tong'tong\.cache\hyperframes\fonts\inter)
[INFO] [Compiler] Injected deterministic @font-face rules for 2 requested font families
[INFO] [Compiler] Fetched 55 font face(s) for "Montserrat" from Google Fonts (cached to C:\Users\tong'tong\.cache\hyperframes\fonts\montserrat)
[INFO] [Compiler] Fetched 77 font face(s) for "Inter" from Google Fonts (cached to C:\Users\tong'tong\.cache\hyperframes\fonts\inter)
[INFO] [Compiler] Injected deterministic @font-face rules for 2 requested font families
[INFO] [Compiler] Fetched 55 font face(s) for "Montserrat" from Google Fonts (cached to C:\Users\tong'tong\.cache\hyperframes\fonts\montserrat)
[INFO] [Compiler] Fetched 77 font face(s) for "Inter" from Google Fonts (cached to C:\Users\tong'tong\.cache\hyperframes\fonts\inter)
[INFO] [Compiler] Injected deterministic @font-face rules for 2 requested font families
[INFO] [Compiler] Fetched 55 font face(s) for "Montserrat" from Google Fonts (cached to C:\Users\tong'tong\.cache\hyperframes\fonts\montserrat)
[INFO] [Compiler] Fetched 77 font face(s) for "Inter" from Google Fonts (cached to C:\Users\tong'tong\.cache\hyperframes\fonts\inter)
[INFO] [Compiler] Injected deterministic @font-face rules for 2 requested font families
[INFO] [Compiler] Fetched 55 font face(s) for "Montserrat" from Google Fonts (cached to C:\Users\tong'tong\.cache\hyperframes\fonts\montserrat)
[INFO] [Compiler] Fetched 77 font face(s) for "Inter" from Google Fonts (cached to C:\Users\tong'tong\.cache\hyperframes\fonts\inter)
[INFO] [Compiler] Injected deterministic @font-face rules for 2 requested font families
[INFO] [Compiler] Fetched 55 font face(s) for "Montserrat" from Google Fonts (cached to C:\Users\tong'tong\.cache\hyperframes\fonts\montserrat)
[INFO] [Compiler] Fetched 77 font face(s) for "Inter" from Google Fonts (cached to C:\Users\tong'tong\.cache\hyperframes\fonts\inter)
[INFO] [Compiler] Injected deterministic @font-face rules for 2 requested font families
[INFO] [Compiler] Fetched 55 font face(s) for "Montserrat" from Google Fonts (cached to C:\Users\tong'tong\.cache\hyperframes\fonts\montserrat)
[INFO] [Compiler] Fetched 77 font face(s) for "Inter" from Google Fonts (cached to C:\Users\tong'tong\.cache\hyperframes\fonts\inter)
[INFO] [Compiler] Injected deterministic @font-face rules for 2 requested font families
[INFO] [Compiler] Fetched 55 font face(s) for "Montserrat" from Google Fonts (cached to C:\Users\tong'tong\.cache\hyperframes\fonts\montserrat)
[INFO] [Compiler] Fetched 77 font face(s) for "Inter" from Google Fonts (cached to C:\Users\tong'tong\.cache\hyperframes\fonts\inter)
[INFO] [Compiler] Injected deterministic @font-face rules for 2 requested font families
[INFO] [Compiler] Fetched 55 font face(s) for "Montserrat" from Google Fonts (cached to C:\Users\tong'tong\.cache\hyperframes\fonts\montserrat)
[INFO] [Compiler] Fetched 77 font face(s) for "Inter" from Google Fonts (cached to C:\Users\tong'tong\.cache\hyperframes\fonts\inter)
[INFO] [Compiler] Injected deterministic @font-face rules for 2 requested font families
[INFO] [Compiler] Fetched 55 font face(s) for "Montserrat" from Google Fonts (cached to C:\Users\tong'tong\.cache\hyperframes\fonts\montserrat)
[INFO] [Compiler] Fetched 77 font face(s) for "Inter" from Google Fonts (cached to C:\Users\tong'tong\.cache\hyperframes\fonts\inter)
[INFO] [Compiler] Injected deterministic @font-face rules for 2 requested font families
[INFO] [Compiler] Fetched 55 font face(s) for "Montserrat" from Google Fonts (cached to C:\Users\tong'tong\.cache\hyperframes\fonts\montserrat)
[INFO] [Compiler] Fetched 55 font face(s) for "Montserrat" from Google Fonts (cached to C:\Users\tong'tong\.cache\hyperframes\fonts\montserrat)
[INFO] [Compiler] Fetched 77 font face(s) for "Inter" from Google Fonts (cached to C:\Users\tong'tong\.cache\hyperframes\fonts\inter)
[INFO] [Compiler] Injected deterministic @font-face rules for 2 requested font families
[INFO] [Compiler] Fetched 77 font face(s) for "Inter" from Google Fonts (cached to C:\Users\tong'tong\.cache\hyperframes\fonts\inter)
[INFO] [Compiler] Injected deterministic @font-face rules for 2 requested font families
[INFO] [Compiler] Fetched 55 font face(s) for "Montserrat" from Google Fonts (cached to C:\Users\tong'tong\.cache\hyperframes\fonts\montserrat)
[INFO] [Compiler] Fetched 77 font face(s) for "Inter" from Google Fonts (cached to C:\Users\tong'tong\.cache\hyperframes\fonts\inter)
[INFO] [Compiler] Injected deterministic @font-face rules for 2 requested font families
[INFO] [Compiler] Fetched 55 font face(s) for "Montserrat" from Google Fonts (cached to C:\Users\tong'tong\.cache\hyperframes\fonts\montserrat)
[INFO] [Compiler] Fetched 77 font face(s) for "Inter" from Google Fonts (cached to C:\Users\tong'tong\.cache\hyperframes\fonts\inter)
[INFO] [Compiler] Injected deterministic @font-face rules for 2 requested font families
[INFO] [Compiler] Fetched 55 font face(s) for "Montserrat" from Google Fonts (cached to C:\Users\tong'tong\.cache\hyperframes\fonts\montserrat)
[INFO] [Compiler] Fetched 77 font face(s) for "Inter" from Google Fonts (cached to C:\Users\tong'tong\.cache\hyperframes\fonts\inter)
[INFO] [Compiler] Injected deterministic @font-face rules for 2 requested font families
[INFO] [Compiler] Fetched 55 font face(s) for "Montserrat" from Google Fonts (cached to C:\Users\tong'tong\.cache\hyperframes\fonts\montserrat)
[INFO] [Compiler] Fetched 77 font face(s) for "Inter" from Google Fonts (cached to C:\Users\tong'tong\.cache\hyperframes\fonts\inter)
[INFO] [Compiler] Injected deterministic @font-face rules for 2 requested font families
[INFO] [Compiler] Fetched 55 font face(s) for "Montserrat" from Google Fonts (cached to C:\Users\tong'tong\.cache\hyperframes\fonts\montserrat)
[INFO] [Compiler] Fetched 77 font face(s) for "Inter" from Google Fonts (cached to C:\Users\tong'tong\.cache\hyperframes\fonts\inter)
[INFO] [Compiler] Injected deterministic @font-face rules for 2 requested font families
[INFO] [Compiler] Fetched 55 font face(s) for "Montserrat" from Google Fonts (cached to C:\Users\tong'tong\.cache\hyperframes\fonts\montserrat)
[INFO] [Compiler] Fetched 77 font face(s) for "Inter" from Google Fonts (cached to C:\Users\tong'tong\.cache\hyperframes\fonts\inter)
[INFO] [Compiler] Injected deterministic @font-face rules for 2 requested font families
